34100000         212345678000199                                        MINHA EMPRESA LTDA            BANCO ITAU SA                           120112025133817000001040                                                                          
34100011C2001030 212345678000199                                        MINHA EMPRESA LTDA                                                                                                                                                      
3410001300001A000   34101234 000123456789  JOAO DA SILVA                                     01011970                  000000000150500                                                                                                          
3410001300002A000   34105678 000987654321  MARIA SANTOS                                      01011970                  000000000250000                                                                                                          
3410001300003A000   34109012 000555666777  PEDRO OLIVEIRA                                    01011970                  000000008507500                                                                                                          
3410001300004A000   34103456 000111222333  ANA COSTA                                         01011970                  000000000120000                                                                                                          
3410001300005A000   34107890 000444555666  CARLOS PEREIRA                                    01011970                  000000037502500                                                                                                          
34100015         000007000000000008451500                                                                                                                                                                                                       
34199999         000001000009                                                                                                                                                                                                                   